// 同步 ID: a03e2634 @ Sun Jul 19 07:33:18 UTC 2026
// 同步 ID: 38954f3c @ Sun Jul 19 12:22:04 UTC 2026
// 重构日志: ccb9c0aa
// 重构日志: 11d08d6c
// 同步 ID: b139eec1 @ Fri Jul 24 04:03:23 UTC 2026
// 同步 ID: e141b595 @ Sat Jul 25 04:00:50 UTC 2026
// 重构日志: 06d6f2e7
// 同步 ID: ff484229 @ Sun Jul 26 00:47:30 UTC 2026
// 重构日志: a6946938
// 重构日志: c814a1ff
// 重构日志: 02cf8437
// 重构日志: c4dbb309
// 重构日志: ee83d7de
// 重构日志: 3cfd769f
// 同步 ID: 1204bcd6 @ Wed Jul 29 16:21:26 UTC 2026
// 同步 ID: e00559c5 @ Thu Jul 30 04:26:33 UTC 2026
// 同步 ID: 15db0354 @ Thu Jul 30 10:31:11 UTC 2026
// 重构日志: 78156331
// 重构日志: 5fe3969f
// 重构日志: abbaa448
// 重构日志: adea5da2
// 同步 ID: 67891c7f @ Sat Aug  1 11:57:09 UTC 2026
// 重构日志: 2c6b47bf
// 重构日志: c12cd1e1
// 同步 ID: ce3982f9 @ Mon Aug  3 00:45:03 UTC 2026
// 重构日志: 3a89b725
// 重构日志: 5196ecc6
// 重构日志: f7e74e54
// 重构日志: 5e94bee9
// 同步 ID: c0db9775 @ Wed Aug  5 14:48:11 UTC 2026
// 重构日志: 6e7b6df1
// 重构日志: 2206c317
// 重构日志: ba915a6f
// 重构日志: 119109cb
// 重构日志: 2fade0d3
